// Jest Snapshot v1, https://goo.gl/fbAQLP

exports[`Dialog component renders a dialog with a Close and OK buttons 1`] = `
<div
  className="Overlay-sc-1udyqqi-0 evswiq show"
  onClick={[Function]}
>
  <div
    className="Paper__PaperStyle-sc-5lofqf-0 dtOYAq ModalBase__Box-sc-1ykmqu3-0 gHOHhC show"
    onClick={[Function]}
  >
    <h4
      as="span"
      className="Text-sc-7nylk8-0 Heading__HeadingStyle-sc-3bryuh-0 hQqmUM"
      fontSize="4"
      size={null}
      transform={null}
    >
      <p>
        Hi
      </p>
    </h4>
    <p>
      Hello!
    </p>
    <div
      className="sc-AxjAm dBzgwg"
    >
      <button
        className="ButtonStyle-sc-120zjl4-0 fTsNtX"
        color="neutral"
        disabled={false}
        kind="ghost"
        onClick={[Function]}
        size="md"
      >
        Close
        <span
          className="Ripple__RippleContainer-sc-1dqnp9a-0 URvnd"
          onMouseDown={[Function]}
        />
      </button>
      <button
        className="ButtonStyle-sc-120zjl4-0 fJHZAc"
        color="primary"
        disabled={false}
        kind="default"
        onClick={[Function]}
        size="md"
      >
        OK
        <span
          className="Ripple__RippleContainer-sc-1dqnp9a-0 URvnd"
          onMouseDown={[Function]}
        />
      </button>
    </div>
  </div>
</div>
`;
