// Jest Snapshot v1, https://goo.gl/fbAQLP

exports[`BackTop component renders a default BackTop button 1`] = `
<button
  className="ButtonStyle-sc-120zjl4-0 hINIKa BackTop__BackTopButton-sc-13uw6no-0 eGTwSv"
  color="info"
  disabled={false}
  kind="default"
  onClick={[Function]}
  size="md"
  title="Back to top"
>
  <svg
    className="Svg__SvgStyle-pyey0i-0 gYARyh"
    fill="none"
    height="24px"
    size={null}
    stroke="currentColor"
    strokeLinecap="round"
    strokeLinejoin="round"
    strokeWidth={2}
    viewBox="0 0 24 24"
    width="24px"
    xmlns="http://www.w3.org/2000/svg"
  >
    <line
      x1="12"
      x2="12"
      y1="19"
      y2="5"
    />
    <polyline
      points="5 12 12 5 19 12"
    />
  </svg>
  <span
    className="Ripple__RippleContainer-sc-1dqnp9a-0 URvnd"
    onMouseDown={[Function]}
  />
</button>
`;
