// Jest Snapshot v1, https://goo.gl/fbAQLP

exports[`Alert component renders a success alert 1`] = `
<div
  className="BaseColors__BaseStyle-s1fbie-0 lbVfxU Alert__Outer-txovbc-0 bYFRom"
>
  <svg
    className="Svg__SvgStyle-pyey0i-0 gYARyh Alert__AlertIcon-txovbc-2 hsoKbZ"
    fill="none"
    height="24px"
    size={null}
    stroke="currentColor"
    strokeLinecap="round"
    strokeLinejoin="round"
    strokeWidth={2}
    viewBox="0 0 24 24"
    width="24px"
    xmlns="http://www.w3.org/2000/svg"
  >
    <polyline
      points="20 6 9 17 4 12"
    />
  </svg>
  Alert text
  <button
    className="ButtonStyle-sc-120zjl4-0 iHcOpt Alert__CloseButton-txovbc-1 gknFni"
    color="primary"
    disabled={false}
    kind="ghost"
    onClick={[Function]}
    size="sm"
  >
    <svg
      className="Svg__SvgStyle-pyey0i-0 gYARyh"
      fill="none"
      height="24px"
      size={null}
      stroke="currentColor"
      strokeLinecap="round"
      strokeLinejoin="round"
      strokeWidth={2}
      viewBox="0 0 24 24"
      width="24px"
      xmlns="http://www.w3.org/2000/svg"
    >
      <line
        x1="18"
        x2="6"
        y1="6"
        y2="18"
      />
      <line
        x1="6"
        x2="18"
        y1="6"
        y2="18"
      />
    </svg>
    <span
      className="Ripple__RippleContainer-sc-1dqnp9a-0 URvnd"
      onMouseDown={[Function]}
    />
  </button>
</div>
`;
